---
source: config/tests/config_tests.rs
expression: worker_cache
---
{
  "workers": {
    "gXRm2XC01U+fnSm/b5eUDX8s5bLTlnFvPq9m9TV13djXPIDmoBXR3LTZI4mx+47CBRrkXiOXAz8eb25orn3LlG4ce4ioHsC3G+rkrHASgYpuup3bYqh9SWGWryza6Qj2": {
      "0": {
        "name": "dt4/oHrYlTWhdms3mHV8irOu9b6H3uFunhBt2LUJcp4=",
        "transactions": "/ip4/127.0.0.1/tcp/0/http",
        "worker_to_worker": "/ip4/127.0.0.1/tcp/0/http",
        "primary_to_worker": "/ip4/127.0.0.1/tcp/0/http"
      },
      "1": {
        "name": "lrisYqEadH5cgLhsT1EW5q6uVKxwCXLTJQO3klahUy8=",
        "transactions": "/ip4/127.0.0.1/tcp/0/http",
        "worker_to_worker": "/ip4/127.0.0.1/tcp/0/http",
        "primary_to_worker": "/ip4/127.0.0.1/tcp/0/http"
      },
      "2": {
        "name": "VayIYzPsiroVrY4eilEUVKCM/LfNcMWN2ELKoHCNGr8=",
        "transactions": "/ip4/127.0.0.1/tcp/0/http",
        "worker_to_worker": "/ip4/127.0.0.1/tcp/0/http",
        "primary_to_worker": "/ip4/127.0.0.1/tcp/0/http"
      },
      "3": {
        "name": "Kt9mRluFkBunwfq2VREQbBXuSYGOsFo95bA/PIrvVhc=",
        "transactions": "/ip4/127.0.0.1/tcp/0/http",
        "worker_to_worker": "/ip4/127.0.0.1/tcp/0/http",
        "primary_to_worker": "/ip4/127.0.0.1/tcp/0/http"
      }
    },
    "jGbcLB6p5T8JhcF7TnrxmRK208QODFkgpaElCbTrNhn14H7Fbqd/CzBim6HMctdbE5RgeCpfDi+J+0xCtLil+uPSYBAiIOY9B1Tn4YRt7v05iOreTtN/E4VDfRneGhYY": {
      "0": {
        "name": "hkGX9Mxcq2yO3Ut5xIXvuaVVcYt1tgPi6LmPVewN4mc=",
        "transactions": "/ip4/127.0.0.1/tcp/0/http",
        "worker_to_worker": "/ip4/127.0.0.1/tcp/0/http",
        "primary_to_worker": "/ip4/127.0.0.1/tcp/0/http"
      },
      "1": {
        "name": "vVDfe4JyrKvldWAMAgdqeUvACFqw15e4PUoj4ByOfCQ=",
        "transactions": "/ip4/127.0.0.1/tcp/0/http",
        "worker_to_worker": "/ip4/127.0.0.1/tcp/0/http",
        "primary_to_worker": "/ip4/127.0.0.1/tcp/0/http"
      },
      "2": {
        "name": "+oKq7VFT0pAQvjlvEti2YUw5fHXEYT/bs21P9wTlAKs=",
        "transactions": "/ip4/127.0.0.1/tcp/0/http",
        "worker_to_worker": "/ip4/127.0.0.1/tcp/0/http",
        "primary_to_worker": "/ip4/127.0.0.1/tcp/0/http"
      },
      "3": {
        "name": "FsiKyAGnhMcChNBf+L2B8EHX6mMup8oqJ8bK/9ZRkww=",
        "transactions": "/ip4/127.0.0.1/tcp/0/http",
        "worker_to_worker": "/ip4/127.0.0.1/tcp/0/http",
        "primary_to_worker": "/ip4/127.0.0.1/tcp/0/http"
      }
    },
    "jzfr4XMAzwVrXp649awD3COGEb/1P36tEbDsHve3ykAgIoUu5DMoDgDwKvAG2XJjCkyO8zBhfGLN9kseI855aMw6MvgHRwEwgQyMwqYJHCh85eGUeSMpF54TR9FEakOJ": {
      "0": {
        "name": "6j/Odu4Qs6ZF+zBAUR36tMnNYFj0GSkBTRZGb147LCo=",
        "transactions": "/ip4/127.0.0.1/tcp/0/http",
        "worker_to_worker": "/ip4/127.0.0.1/tcp/0/http",
        "primary_to_worker": "/ip4/127.0.0.1/tcp/0/http"
      },
      "1": {
        "name": "r7SQXpVQz0YqggB4JKBV2XWuk0RwxHfZ3bttKyZMNvo=",
        "transactions": "/ip4/127.0.0.1/tcp/0/http",
        "worker_to_worker": "/ip4/127.0.0.1/tcp/0/http",
        "primary_to_worker": "/ip4/127.0.0.1/tcp/0/http"
      },
      "2": {
        "name": "l+fthD+rGkLOnCEpQ1IewioCVodHzAA7iB+9J/cL3+A=",
        "transactions": "/ip4/127.0.0.1/tcp/0/http",
        "worker_to_worker": "/ip4/127.0.0.1/tcp/0/http",
        "primary_to_worker": "/ip4/127.0.0.1/tcp/0/http"
      },
      "3": {
        "name": "XEf+9+MRPcAcVu9NR3v+UVevwzlpoBT4u1U34YzOxkw=",
        "transactions": "/ip4/127.0.0.1/tcp/0/http",
        "worker_to_worker": "/ip4/127.0.0.1/tcp/0/http",
        "primary_to_worker": "/ip4/127.0.0.1/tcp/0/http"
      }
    },
    "o9G+azrMTgG71uhpFHtiU+rjwpWA5gbxxlWY5xXxaw6XEytWoA6+3a2dcOLvXJFoEfalxLah8fKNlf8lMsctYJI8Wu6A6fgqYo7tE6VKcfqizkazJqsTN3zwr8I3pfRZ": {
      "0": {
        "name": "rvP0pLjsod/DQzYb+OQ2vULeklnAS4MU644gVN1ugqs=",
        "transactions": "/ip4/127.0.0.1/tcp/0/http",
        "worker_to_worker": "/ip4/127.0.0.1/tcp/0/http",
        "primary_to_worker": "/ip4/127.0.0.1/tcp/0/http"
      },
      "1": {
        "name": "ildi4hrBzbOHBELHe0w69Yx87bh3nQJw5tTx4vc2fXQ=",
        "transactions": "/ip4/127.0.0.1/tcp/0/http",
        "worker_to_worker": "/ip4/127.0.0.1/tcp/0/http",
        "primary_to_worker": "/ip4/127.0.0.1/tcp/0/http"
      },
      "2": {
        "name": "zGIzLjS7LVzWn2Dvuyo2y5FsfrRYMB6jZjbE27ASvYg=",
        "transactions": "/ip4/127.0.0.1/tcp/0/http",
        "worker_to_worker": "/ip4/127.0.0.1/tcp/0/http",
        "primary_to_worker": "/ip4/127.0.0.1/tcp/0/http"
      },
      "3": {
        "name": "I47bbumpH9yOcb5QwKP7PPKS2QJN26wCqqcJCWsKqdo=",
        "transactions": "/ip4/127.0.0.1/tcp/0/http",
        "worker_to_worker": "/ip4/127.0.0.1/tcp/0/http",
        "primary_to_worker": "/ip4/127.0.0.1/tcp/0/http"
      }
    }
  },
  "epoch": 0
}
